Next token is: 48, Next lexeme is const
Next token is: 47, Next lexeme is double
Next token is: 11, Next lexeme is _ratio
Next token is: 20, Next lexeme is =
Next token is: 35, Next lexeme is 1.5
Next token is: 29, Next lexeme is ;
Next token is: 31, Next lexeme is int
Next token is: 11, Next lexeme is max
Next token is: 25, Next lexeme is (
Next token is: 31, Next lexeme is int
Next token is: 11, Next lexeme is a
Next token is: 30, Next lexeme is ,
Next token is: 31, Next lexeme is int
Next token is: 11, Next lexeme is b
Next token is: 26, Next lexeme is )
Next token is: 27, Next lexeme is {
Next token is: 39, Next lexeme is if
Next token is: 25, Next lexeme is (
Next token is: 11, Next lexeme is a
Next token is: 53, Next lexeme is >
Next token is: 11, Next lexeme is b
Next token is: 26, Next lexeme is )
Next token is: 34, Next lexeme is return
Next token is: 11, Next lexeme is a
Next token is: 29, Next lexeme is ;
Next token is: 40, Next lexeme is else
Next token is: 34, Next lexeme is return
Next token is: 11, Next lexeme is b
Next token is: 29, Next lexeme is ;
Next token is: 28, Next lexeme is }
Next token is: 31, Next lexeme is int
Next token is: 11, Next lexeme is _clamp
Next token is: 25, Next lexeme is (
Next token is: 31, Next lexeme is int
Next token is: 11, Next lexeme is _v
Next token is: 30, Next lexeme is ,
Next token is: 31, Next lexeme is int
Next token is: 11, Next lexeme is _lo
Next token is: 26, Next lexeme is )
Next token is: 27, Next lexeme is {
Next token is: 31, Next lexeme is int
Next token is: 11, Next lexeme is _r
Next token is: 20, Next lexeme is =
Next token is: 11, Next lexeme is _v
Next token is: 23, Next lexeme is *
Next token is: 10, Next lexeme is 2
Next token is: 22, Next lexeme is -
Next token is: 11, Next lexeme is _lo
Next token is: 29, Next lexeme is ;
Next token is: 11, Next lexeme is _r
Next token is: 63, Next lexeme is -=
Next token is: 10, Next lexeme is 1
Next token is: 29, Next lexeme is ;
Next token is: 11, Next lexeme is _r
Next token is: 64, Next lexeme is *=
Next token is: 10, Next lexeme is 3
Next token is: 29, Next lexeme is ;
Next token is: 11, Next lexeme is _r
Next token is: 65, Next lexeme is /=
Next token is: 10, Next lexeme is 2
Next token is: 29, Next lexeme is ;
Next token is: 11, Next lexeme is _r
Next token is: 20, Next lexeme is =
Next token is: 11, Next lexeme is _r
Next token is: 61, Next lexeme is %
Next token is: 10, Next lexeme is 5
Next token is: 29, Next lexeme is ;
Next token is: 39, Next lexeme is if
Next token is: 25, Next lexeme is (
Next token is: 11, Next lexeme is _r
Next token is: 36, Next lexeme is ==
Next token is: 11, Next lexeme is _lo
Next token is: 58, Next lexeme is ||
Next token is: 56, Next lexeme is !
Next token is: 25, Next lexeme is (
Next token is: 11, Next lexeme is _r
Next token is: 54, Next lexeme is <=
Next token is: 10, Next lexeme is 10
Next token is: 26, Next lexeme is )
Next token is: 26, Next lexeme is )
Next token is: 27, Next lexeme is {
Next token is: 34, Next lexeme is return
Next token is: 10, Next lexeme is -1
Next token is: 29, Next lexeme is ;
Next token is: 28, Next lexeme is }
Next token is: 34, Next lexeme is return
Next token is: 11, Next lexeme is _r
Next token is: 29, Next lexeme is ;
Next token is: 28, Next lexeme is }
Next token is: 31, Next lexeme is int
Next token is: 33, Next lexeme is main
Next token is: 25, Next lexeme is (
Next token is: 32, Next lexeme is void
Next token is: 26, Next lexeme is )
Next token is: 27, Next lexeme is {
Next token is: 31, Next lexeme is int
Next token is: 11, Next lexeme is i
Next token is: 30, Next lexeme is ,
Next token is: 11, Next lexeme is n
Next token is: 30, Next lexeme is ,
Next token is: 11, Next lexeme is sum
Next token is: 29, Next lexeme is ;
Next token is: 38, Next lexeme is float
Next token is: 11, Next lexeme is avg
Next token is: 29, Next lexeme is ;
Next token is: 46, Next lexeme is char
Next token is: 11, Next lexeme is grade
Next token is: 29, Next lexeme is ;
Next token is: 11, Next lexeme is n
Next token is: 20, Next lexeme is =
Next token is: 10, Next lexeme is 10
Next token is: 29, Next lexeme is ;
Next token is: 11, Next lexeme is sum
Next token is: 20, Next lexeme is =
Next token is: 10, Next lexeme is 0
Next token is: 29, Next lexeme is ;
Next token is: 11, Next lexeme is i
Next token is: 20, Next lexeme is =
Next token is: 10, Next lexeme is 0
Next token is: 29, Next lexeme is ;
Next token is: 42, Next lexeme is while
Next token is: 25, Next lexeme is (
Next token is: 11, Next lexeme is i
Next token is: 52, Next lexeme is <
Next token is: 11, Next lexeme is n
Next token is: 26, Next lexeme is )
Next token is: 27, Next lexeme is {
Next token is: 11, Next lexeme is sum
Next token is: 62, Next lexeme is +=
Next token is: 11, Next lexeme is i
Next token is: 29, Next lexeme is ;
Next token is: 11, Next lexeme is i
Next token is: 59, Next lexeme is ++
Next token is: 29, Next lexeme is ;
Next token is: 28, Next lexeme is }
Next token is: 41, Next lexeme is for
Next token is: 25, Next lexeme is (
Next token is: 11, Next lexeme is i
Next token is: 20, Next lexeme is =
Next token is: 10, Next lexeme is 0
Next token is: 29, Next lexeme is ;
Next token is: 11, Next lexeme is i
Next token is: 52, Next lexeme is <
Next token is: 10, Next lexeme is 5
Next token is: 29, Next lexeme is ;
Next token is: 11, Next lexeme is i
Next token is: 59, Next lexeme is ++
Next token is: 26, Next lexeme is )
Next token is: 27, Next lexeme is {
Next token is: 11, Next lexeme is sum
Next token is: 20, Next lexeme is =
Next token is: 11, Next lexeme is sum
Next token is: 21, Next lexeme is +
Next token is: 11, Next lexeme is i
Next token is: 29, Next lexeme is ;
Next token is: 39, Next lexeme is if
Next token is: 25, Next lexeme is (
Next token is: 11, Next lexeme is i
Next token is: 36, Next lexeme is ==
Next token is: 10, Next lexeme is 2
Next token is: 26, Next lexeme is )
Next token is: 27, Next lexeme is {
Next token is: 45, Next lexeme is continue
Next token is: 29, Next lexeme is ;
Next token is: 28, Next lexeme is }
Next token is: 28, Next lexeme is }
Next token is: 43, Next lexeme is do
Next token is: 27, Next lexeme is {
Next token is: 11, Next lexeme is n
Next token is: 60, Next lexeme is --
Next token is: 29, Next lexeme is ;
Next token is: 28, Next lexeme is }
Next token is: 42, Next lexeme is while
Next token is: 25, Next lexeme is (
Next token is: 11, Next lexeme is n
Next token is: 53, Next lexeme is >
Next token is: 10, Next lexeme is 0
Next token is: 26, Next lexeme is )
Next token is: 29, Next lexeme is ;
Next token is: 11, Next lexeme is avg
Next token is: 20, Next lexeme is =
Next token is: 11, Next lexeme is sum
Next token is: 24, Next lexeme is /
Next token is: 35, Next lexeme is 3.0
Next token is: 29, Next lexeme is ;
Next token is: 11, Next lexeme is avg
Next token is: 20, Next lexeme is =
Next token is: 11, Next lexeme is avg
Next token is: 23, Next lexeme is *
Next token is: 11, Next lexeme is _ratio
Next token is: 22, Next lexeme is -
Next token is: 35, Next lexeme is .5
Next token is: 29, Next lexeme is ;
Next token is: 11, Next lexeme is grade
Next token is: 20, Next lexeme is =
Next token is: 66, Next lexeme is 'A'
Next token is: 29, Next lexeme is ;
Next token is: 39, Next lexeme is if
Next token is: 25, Next lexeme is (
Next token is: 25, Next lexeme is (
Next token is: 11, Next lexeme is avg
Next token is: 55, Next lexeme is >=
Next token is: 35, Next lexeme is 10.0
Next token is: 26, Next lexeme is )
Next token is: 57, Next lexeme is &&
Next token is: 25, Next lexeme is (
Next token is: 11, Next lexeme is grade
Next token is: 37, Next lexeme is !=
Next token is: 66, Next lexeme is 'F'
Next token is: 26, Next lexeme is )
Next token is: 26, Next lexeme is )
Next token is: 27, Next lexeme is {
Next token is: 11, Next lexeme is printf
Next token is: 25, Next lexeme is (
Next token is: 67, Next lexeme is "pass\n"
Next token is: 26, Next lexeme is )
Next token is: 29, Next lexeme is ;
Next token is: 28, Next lexeme is }
Next token is: 40, Next lexeme is else
Next token is: 27, Next lexeme is {
Next token is: 11, Next lexeme is printf
Next token is: 25, Next lexeme is (
Next token is: 67, Next lexeme is "fail\n"
Next token is: 26, Next lexeme is )
Next token is: 29, Next lexeme is ;
Next token is: 28, Next lexeme is }
Next token is: 49, Next lexeme is switch
Next token is: 25, Next lexeme is (
Next token is: 11, Next lexeme is grade
Next token is: 26, Next lexeme is )
Next token is: 27, Next lexeme is {
Next token is: 50, Next lexeme is case
Next token is: 66, Next lexeme is 'A'
Next token is: 68, Next lexeme is :
Next token is: 11, Next lexeme is printf
Next token is: 25, Next lexeme is (
Next token is: 67, Next lexeme is "excellent\n"
Next token is: 26, Next lexeme is )
Next token is: 29, Next lexeme is ;
Next token is: 44, Next lexeme is break
Next token is: 29, Next lexeme is ;
Next token is: 51, Next lexeme is default
Next token is: 68, Next lexeme is :
Next token is: 11, Next lexeme is printf
Next token is: 25, Next lexeme is (
Next token is: 67, Next lexeme is "ok\n"
Next token is: 26, Next lexeme is )
Next token is: 29, Next lexeme is ;
Next token is: 28, Next lexeme is }
Next token is: 11, Next lexeme is sum
Next token is: 20, Next lexeme is =
Next token is: 11, Next lexeme is _clamp
Next token is: 25, Next lexeme is (
Next token is: 11, Next lexeme is sum
Next token is: 30, Next lexeme is ,
Next token is: 10, Next lexeme is 0
Next token is: 26, Next lexeme is )
Next token is: 29, Next lexeme is ;
Next token is: 11, Next lexeme is printf
Next token is: 25, Next lexeme is (
Next token is: 67, Next lexeme is "sum=%d\n"
Next token is: 30, Next lexeme is ,
Next token is: 11, Next lexeme is max
Next token is: 25, Next lexeme is (
Next token is: 11, Next lexeme is sum
Next token is: 30, Next lexeme is ,
Next token is: 10, Next lexeme is 100
Next token is: 26, Next lexeme is )
Next token is: 26, Next lexeme is )
Next token is: 29, Next lexeme is ;
Next token is: 34, Next lexeme is return
Next token is: 10, Next lexeme is 0
Next token is: 29, Next lexeme is ;
Next token is: 28, Next lexeme is }
Next token is: -1, Next lexeme is EOF
