Line 1: illegal character: #
Line 1: illegal character: <
Line 1: illegal character: .
Line 1: illegal character: >
Line 3: illegal character: :
Line 4: illegal character: _
Line 4: illegal character: =
Line 4: illegal character: .
Line 4: illegal character: ;
Line 6: illegal character: ,
Line 6: illegal character: {
Line 7: illegal character: >
Line 8: illegal character: ;
Line 10: illegal character: ;
Line 11: illegal character: }
Line 13: illegal character: _
Line 13: illegal character: _
Line 13: illegal character: ,
Line 13: illegal character: _
Line 13: illegal character: {
Line 14: illegal character: _
Line 14: illegal character: =
Line 14: illegal character: _
Line 14: illegal character: _
Line 14: illegal character: ;
Line 15: illegal character: _
Line 15: illegal character: =
Line 15: illegal character: ;
Line 16: illegal character: _
Line 16: illegal character: =
Line 16: illegal character: ;
Line 17: illegal character: _
Line 17: illegal character: =
Line 17: illegal character: ;
Line 18: illegal character: _
Line 18: illegal character: =
Line 18: illegal character: _
Line 18: illegal character: %
Line 18: illegal character: ;
Line 19: illegal character: _
Line 19: illegal character: =
Line 19: illegal character: =
Line 19: illegal character: _
Line 19: illegal character: |
Line 19: illegal character: |
Line 19: illegal character: !
Line 19: illegal character: _
Line 19: illegal character: <
Line 19: illegal character: =
Line 19: illegal character: {
Line 20: illegal character: ;
Line 21: illegal character: }
Line 22: illegal character: _
Line 22: illegal character: ;
Line 23: illegal character: }
Line 25: illegal character: {
Line 26: illegal character: ,
Line 26: illegal character: ,
Line 26: illegal character: ;
Line 27: illegal character: ;
Line 28: illegal character: ;
Line 31: illegal character: =
Line 31: illegal character: ;
Line 32: illegal character: =
Line 32: illegal character: ;
Line 33: illegal character: =
Line 33: illegal character: ;
Line 34: illegal character: <
Line 34: illegal character: {
Line 35: illegal character: =
Line 35: illegal character: ;
Line 36: illegal character: ;
Line 37: illegal character: }
Line 38: illegal character: =
Line 38: illegal character: ;
Line 38: illegal character: <
Line 38: illegal character: ;
Line 38: illegal character: {
Line 39: illegal character: =
Line 39: illegal character: ;
Line 40: illegal character: =
Line 40: illegal character: =
Line 40: illegal character: {
Line 41: illegal character: ;
Line 42: illegal character: }
Line 43: illegal character: }
Line 44: illegal character: {
Line 45: illegal character: ;
Line 46: illegal character: }
Line 46: illegal character: >
Line 46: illegal character: ;
Line 47: illegal character: =
Line 47: illegal character: .
Line 47: illegal character: ;
Line 48: illegal character: =
Line 48: illegal character: _
Line 48: illegal character: .
Line 48: illegal character: ;
Line 49: illegal character: =
Line 49: illegal character: '
Line 49: illegal character: '
Line 49: illegal character: ;
Line 50: illegal character: >
Line 50: illegal character: =
Line 50: illegal character: .
Line 50: illegal character: &
Line 50: illegal character: &
Line 50: illegal character: !
Line 50: illegal character: =
Line 50: illegal character: '
Line 50: illegal character: '
Line 50: illegal character: {
Line 51: illegal character: "
Line 51: illegal character: \
Line 51: illegal character: "
Line 51: illegal character: ;
Line 52: illegal character: }
Line 52: illegal character: {
Line 53: illegal character: "
Line 53: illegal character: \
Line 53: illegal character: "
Line 53: illegal character: ;
Line 54: illegal character: }
Line 55: illegal character: {
Line 56: illegal character: '
Line 56: illegal character: '
Line 56: illegal character: :
Line 57: illegal character: "
Line 57: illegal character: \
Line 57: illegal character: "
Line 57: illegal character: ;
Line 58: illegal character: ;
Line 59: illegal character: :
Line 60: illegal character: "
Line 60: illegal character: \
Line 60: illegal character: "
Line 60: illegal character: ;
Line 61: illegal character: }
Line 62: illegal character: =
Line 62: illegal character: _
Line 62: illegal character: ,
Line 62: illegal character: ;
Line 63: illegal character: "
Line 63: illegal character: =
Line 63: illegal character: %
Line 63: illegal character: \
Line 63: illegal character: "
Line 63: illegal character: ,
Line 63: illegal character: ,
Line 63: illegal character: ;
Line 64: illegal character: ;
Line 65: illegal character: }
