Next token is: 98, Next lexeme is #
Next token is: 11, Next lexeme is include
Next token is: 98, Next lexeme is <
Next token is: 11, Next lexeme is stdio
Next token is: 98, Next lexeme is .
Next token is: 11, Next lexeme is h
Next token is: 98, Next lexeme is >
Next token is: 24, Next lexeme is /
Next token is: 24, Next lexeme is /
Next token is: 11, Next lexeme is example
Next token is: 11, Next lexeme is target
Next token is: 11, Next lexeme is program
Next token is: 98, Next lexeme is :
Next token is: 11, Next lexeme is uses
Next token is: 11, Next lexeme is every
Next token is: 11, Next lexeme is feature
Next token is: 11, Next lexeme is you
Next token is: 11, Next lexeme is will
Next token is: 11, Next lexeme is add
Next token is: 11, Next lexeme is const
Next token is: 11, Next lexeme is double
Next token is: 98, Next lexeme is _
Next token is: 11, Next lexeme is ratio
Next token is: 98, Next lexeme is =
Next token is: 10, Next lexeme is 1
Next token is: 98, Next lexeme is .
Next token is: 10, Next lexeme is 5
Next token is: 98, Next lexeme is ;
Next token is: 11, Next lexeme is int
Next token is: 11, Next lexeme is max
Next token is: 25, Next lexeme is (
Next token is: 11, Next lexeme is int
Next token is: 11, Next lexeme is a
Next token is: 98, Next lexeme is ,
Next token is: 11, Next lexeme is int
Next token is: 11, Next lexeme is b
Next token is: 26, Next lexeme is )
Next token is: 98, Next lexeme is {
Next token is: 11, Next lexeme is if
Next token is: 25, Next lexeme is (
Next token is: 11, Next lexeme is a
Next token is: 98, Next lexeme is >
Next token is: 11, Next lexeme is b
Next token is: 26, Next lexeme is )
Next token is: 11, Next lexeme is return
Next token is: 11, Next lexeme is a
Next token is: 98, Next lexeme is ;
Next token is: 11, Next lexeme is else
Next token is: 11, Next lexeme is return
Next token is: 11, Next lexeme is b
Next token is: 98, Next lexeme is ;
Next token is: 98, Next lexeme is }
Next token is: 11, Next lexeme is int
Next token is: 98, Next lexeme is _
Next token is: 11, Next lexeme is clamp
Next token is: 25, Next lexeme is (
Next token is: 11, Next lexeme is int
Next token is: 98, Next lexeme is _
Next token is: 11, Next lexeme is v
Next token is: 98, Next lexeme is ,
Next token is: 11, Next lexeme is int
Next token is: 98, Next lexeme is _
Next token is: 11, Next lexeme is lo
Next token is: 26, Next lexeme is )
Next token is: 98, Next lexeme is {
Next token is: 11, Next lexeme is int
Next token is: 98, Next lexeme is _
Next token is: 11, Next lexeme is r
Next token is: 98, Next lexeme is =
Next token is: 98, Next lexeme is _
Next token is: 11, Next lexeme is v
Next token is: 23, Next lexeme is *
Next token is: 10, Next lexeme is 2
Next token is: 22, Next lexeme is -
Next token is: 98, Next lexeme is _
Next token is: 11, Next lexeme is lo
Next token is: 98, Next lexeme is ;
Next token is: 98, Next lexeme is _
Next token is: 11, Next lexeme is r
Next token is: 22, Next lexeme is -
Next token is: 98, Next lexeme is =
Next token is: 10, Next lexeme is 1
Next token is: 98, Next lexeme is ;
Next token is: 98, Next lexeme is _
Next token is: 11, Next lexeme is r
Next token is: 23, Next lexeme is *
Next token is: 98, Next lexeme is =
Next token is: 10, Next lexeme is 3
Next token is: 98, Next lexeme is ;
Next token is: 98, Next lexeme is _
Next token is: 11, Next lexeme is r
Next token is: 24, Next lexeme is /
Next token is: 98, Next lexeme is =
Next token is: 10, Next lexeme is 2
Next token is: 98, Next lexeme is ;
Next token is: 98, Next lexeme is _
Next token is: 11, Next lexeme is r
Next token is: 98, Next lexeme is =
Next token is: 98, Next lexeme is _
Next token is: 11, Next lexeme is r
Next token is: 98, Next lexeme is %
Next token is: 10, Next lexeme is 5
Next token is: 98, Next lexeme is ;
Next token is: 11, Next lexeme is if
Next token is: 25, Next lexeme is (
Next token is: 98, Next lexeme is _
Next token is: 11, Next lexeme is r
Next token is: 98, Next lexeme is =
Next token is: 98, Next lexeme is =
Next token is: 98, Next lexeme is _
Next token is: 11, Next lexeme is lo
Next token is: 98, Next lexeme is |
Next token is: 98, Next lexeme is |
Next token is: 98, Next lexeme is !
Next token is: 25, Next lexeme is (
Next token is: 98, Next lexeme is _
Next token is: 11, Next lexeme is r
Next token is: 98, Next lexeme is <
Next token is: 98, Next lexeme is =
Next token is: 10, Next lexeme is 10
Next token is: 26, Next lexeme is )
Next token is: 26, Next lexeme is )
Next token is: 98, Next lexeme is {
Next token is: 11, Next lexeme is return
Next token is: 22, Next lexeme is -
Next token is: 10, Next lexeme is 1
Next token is: 98, Next lexeme is ;
Next token is: 98, Next lexeme is }
Next token is: 11, Next lexeme is return
Next token is: 98, Next lexeme is _
Next token is: 11, Next lexeme is r
Next token is: 98, Next lexeme is ;
Next token is: 98, Next lexeme is }
Next token is: 11, Next lexeme is int
Next token is: 11, Next lexeme is main
Next token is: 25, Next lexeme is (
Next token is: 11, Next lexeme is void
Next token is: 26, Next lexeme is )
Next token is: 98, Next lexeme is {
Next token is: 11, Next lexeme is int
Next token is: 11, Next lexeme is i
Next token is: 98, Next lexeme is ,
Next token is: 11, Next lexeme is n
Next token is: 98, Next lexeme is ,
Next token is: 11, Next lexeme is sum
Next token is: 98, Next lexeme is ;
Next token is: 11, Next lexeme is float
Next token is: 11, Next lexeme is avg
Next token is: 98, Next lexeme is ;
Next token is: 11, Next lexeme is char
Next token is: 11, Next lexeme is grade
Next token is: 98, Next lexeme is ;
Next token is: 24, Next lexeme is /
Next token is: 23, Next lexeme is *
Next token is: 11, Next lexeme is block
Next token is: 11, Next lexeme is comments
Next token is: 11, Next lexeme is may
Next token is: 11, Next lexeme is span
Next token is: 11, Next lexeme is lines
Next token is: 23, Next lexeme is *
Next token is: 24, Next lexeme is /
Next token is: 11, Next lexeme is n
Next token is: 98, Next lexeme is =
Next token is: 10, Next lexeme is 10
Next token is: 98, Next lexeme is ;
Next token is: 11, Next lexeme is sum
Next token is: 98, Next lexeme is =
Next token is: 10, Next lexeme is 0
Next token is: 98, Next lexeme is ;
Next token is: 11, Next lexeme is i
Next token is: 98, Next lexeme is =
Next token is: 10, Next lexeme is 0
Next token is: 98, Next lexeme is ;
Next token is: 11, Next lexeme is while
Next token is: 25, Next lexeme is (
Next token is: 11, Next lexeme is i
Next token is: 98, Next lexeme is <
Next token is: 11, Next lexeme is n
Next token is: 26, Next lexeme is )
Next token is: 98, Next lexeme is {
Next token is: 11, Next lexeme is sum
Next token is: 21, Next lexeme is +
Next token is: 98, Next lexeme is =
Next token is: 11, Next lexeme is i
Next token is: 98, Next lexeme is ;
Next token is: 11, Next lexeme is i
Next token is: 21, Next lexeme is +
Next token is: 21, Next lexeme is +
Next token is: 98, Next lexeme is ;
Next token is: 98, Next lexeme is }
Next token is: 11, Next lexeme is for
Next token is: 25, Next lexeme is (
Next token is: 11, Next lexeme is i
Next token is: 98, Next lexeme is =
Next token is: 10, Next lexeme is 0
Next token is: 98, Next lexeme is ;
Next token is: 11, Next lexeme is i
Next token is: 98, Next lexeme is <
Next token is: 10, Next lexeme is 5
Next token is: 98, Next lexeme is ;
Next token is: 11, Next lexeme is i
Next token is: 21, Next lexeme is +
Next token is: 21, Next lexeme is +
Next token is: 26, Next lexeme is )
Next token is: 98, Next lexeme is {
Next token is: 11, Next lexeme is sum
Next token is: 98, Next lexeme is =
Next token is: 11, Next lexeme is sum
Next token is: 21, Next lexeme is +
Next token is: 11, Next lexeme is i
Next token is: 98, Next lexeme is ;
Next token is: 11, Next lexeme is if
Next token is: 25, Next lexeme is (
Next token is: 11, Next lexeme is i
Next token is: 98, Next lexeme is =
Next token is: 98, Next lexeme is =
Next token is: 10, Next lexeme is 2
Next token is: 26, Next lexeme is )
Next token is: 98, Next lexeme is {
Next token is: 11, Next lexeme is continue
Next token is: 98, Next lexeme is ;
Next token is: 98, Next lexeme is }
Next token is: 98, Next lexeme is }
Next token is: 11, Next lexeme is do
Next token is: 98, Next lexeme is {
Next token is: 11, Next lexeme is n
Next token is: 22, Next lexeme is -
Next token is: 22, Next lexeme is -
Next token is: 98, Next lexeme is ;
Next token is: 98, Next lexeme is }
Next token is: 11, Next lexeme is while
Next token is: 25, Next lexeme is (
Next token is: 11, Next lexeme is n
Next token is: 98, Next lexeme is >
Next token is: 10, Next lexeme is 0
Next token is: 26, Next lexeme is )
Next token is: 98, Next lexeme is ;
Next token is: 11, Next lexeme is avg
Next token is: 98, Next lexeme is =
Next token is: 11, Next lexeme is sum
Next token is: 24, Next lexeme is /
Next token is: 10, Next lexeme is 3
Next token is: 98, Next lexeme is .
Next token is: 10, Next lexeme is 0
Next token is: 98, Next lexeme is ;
Next token is: 11, Next lexeme is avg
Next token is: 98, Next lexeme is =
Next token is: 11, Next lexeme is avg
Next token is: 23, Next lexeme is *
Next token is: 98, Next lexeme is _
Next token is: 11, Next lexeme is ratio
Next token is: 22, Next lexeme is -
Next token is: 98, Next lexeme is .
Next token is: 10, Next lexeme is 5
Next token is: 98, Next lexeme is ;
Next token is: 11, Next lexeme is grade
Next token is: 98, Next lexeme is =
Next token is: 98, Next lexeme is '
Next token is: 11, Next lexeme is A
Next token is: 98, Next lexeme is '
Next token is: 98, Next lexeme is ;
Next token is: 11, Next lexeme is if
Next token is: 25, Next lexeme is (
Next token is: 25, Next lexeme is (
Next token is: 11, Next lexeme is avg
Next token is: 98, Next lexeme is >
Next token is: 98, Next lexeme is =
Next token is: 10, Next lexeme is 10
Next token is: 98, Next lexeme is .
Next token is: 10, Next lexeme is 0
Next token is: 26, Next lexeme is )
Next token is: 98, Next lexeme is &
Next token is: 98, Next lexeme is &
Next token is: 25, Next lexeme is (
Next token is: 11, Next lexeme is grade
Next token is: 98, Next lexeme is !
Next token is: 98, Next lexeme is =
Next token is: 98, Next lexeme is '
Next token is: 11, Next lexeme is F
Next token is: 98, Next lexeme is '
Next token is: 26, Next lexeme is )
Next token is: 26, Next lexeme is )
Next token is: 98, Next lexeme is {
Next token is: 11, Next lexeme is printf
Next token is: 25, Next lexeme is (
Next token is: 98, Next lexeme is "
Next token is: 11, Next lexeme is pass
Next token is: 98, Next lexeme is \
Next token is: 11, Next lexeme is n
Next token is: 98, Next lexeme is "
Next token is: 26, Next lexeme is )
Next token is: 98, Next lexeme is ;
Next token is: 98, Next lexeme is }
Next token is: 11, Next lexeme is else
Next token is: 98, Next lexeme is {
Next token is: 11, Next lexeme is printf
Next token is: 25, Next lexeme is (
Next token is: 98, Next lexeme is "
Next token is: 11, Next lexeme is fail
Next token is: 98, Next lexeme is \
Next token is: 11, Next lexeme is n
Next token is: 98, Next lexeme is "
Next token is: 26, Next lexeme is )
Next token is: 98, Next lexeme is ;
Next token is: 98, Next lexeme is }
Next token is: 11, Next lexeme is switch
Next token is: 25, Next lexeme is (
Next token is: 11, Next lexeme is grade
Next token is: 26, Next lexeme is )
Next token is: 98, Next lexeme is {
Next token is: 11, Next lexeme is case
Next token is: 98, Next lexeme is '
Next token is: 11, Next lexeme is A
Next token is: 98, Next lexeme is '
Next token is: 98, Next lexeme is :
Next token is: 11, Next lexeme is printf
Next token is: 25, Next lexeme is (
Next token is: 98, Next lexeme is "
Next token is: 11, Next lexeme is excellent
Next token is: 98, Next lexeme is \
Next token is: 11, Next lexeme is n
Next token is: 98, Next lexeme is "
Next token is: 26, Next lexeme is )
Next token is: 98, Next lexeme is ;
Next token is: 11, Next lexeme is break
Next token is: 98, Next lexeme is ;
Next token is: 11, Next lexeme is default
Next token is: 98, Next lexeme is :
Next token is: 11, Next lexeme is printf
Next token is: 25, Next lexeme is (
Next token is: 98, Next lexeme is "
Next token is: 11, Next lexeme is ok
Next token is: 98, Next lexeme is \
Next token is: 11, Next lexeme is n
Next token is: 98, Next lexeme is "
Next token is: 26, Next lexeme is )
Next token is: 98, Next lexeme is ;
Next token is: 98, Next lexeme is }
Next token is: 11, Next lexeme is sum
Next token is: 98, Next lexeme is =
Next token is: 98, Next lexeme is _
Next token is: 11, Next lexeme is clamp
Next token is: 25, Next lexeme is (
Next token is: 11, Next lexeme is sum
Next token is: 98, Next lexeme is ,
Next token is: 10, Next lexeme is 0
Next token is: 26, Next lexeme is )
Next token is: 98, Next lexeme is ;
Next token is: 11, Next lexeme is printf
Next token is: 25, Next lexeme is (
Next token is: 98, Next lexeme is "
Next token is: 11, Next lexeme is sum
Next token is: 98, Next lexeme is =
Next token is: 98, Next lexeme is %
Next token is: 11, Next lexeme is d
Next token is: 98, Next lexeme is \
Next token is: 11, Next lexeme is n
Next token is: 98, Next lexeme is "
Next token is: 98, Next lexeme is ,
Next token is: 11, Next lexeme is max
Next token is: 25, Next lexeme is (
Next token is: 11, Next lexeme is sum
Next token is: 98, Next lexeme is ,
Next token is: 10, Next lexeme is 100
Next token is: 26, Next lexeme is )
Next token is: 26, Next lexeme is )
Next token is: 98, Next lexeme is ;
Next token is: 11, Next lexeme is return
Next token is: 10, Next lexeme is 0
Next token is: 98, Next lexeme is ;
Next token is: 98, Next lexeme is }
Next token is: -1, Next lexeme is EOF
